2026-10-03T09:40:46Z INF Thank you for trying Cloudflare Tunnel. Doing so, without a Cloudflare account, is a quick way to experiment and try it out. However, be aware that these account-less Tunnels have no uptime guarantee, are subject to the Cloudflare Online Services Terms of Use (https://www.cloudflare.com/website-terms/), and Cloudflare reserves the right to investigate your use of Tunnels for violations of such terms. If you intend to use Tunnels in production you should use a pre-created named tunnel by following: https://developers.cloudflare.com/cloudflare-one/connections/connect-apps
2026-10-03T09:40:46Z INF Requesting new quick Tunnel on trycloudflare.com...
2026-10-03T09:40:52Z INF +--------------------------------------------------------------------------------------------+
2026-10-03T09:40:52Z INF |  Your quick Tunnel has been created! Visit it at (it may take some time to be reachable):  |
2026-10-03T09:40:52Z INF |  https://shepherd-recruiting-wildlife-drivers.trycloudflare.com                            |
2026-10-03T09:40:52Z INF +--------------------------------------------------------------------------------------------+
2026-10-03T09:40:52Z INF Cannot determine default configuration path. No file [config.yml config.yaml] in [~/.cloudflared ~/.cloudflare-warp ~/cloudflare-warp /etc/cloudflared /usr/local/etc/cloudflared]
2026-10-03T09:40:52Z INF Version 2026.9.3 (Checksum 77e26d8d900e0b8469f416239d14b5f296525fdf79fee6f511ef55609e3fbac2)
2026-10-03T09:40:52Z INF GOOS: linux, GOVersion: go1.26.8, GoArch: amd64
2026-10-03T09:40:52Z INF Settings: map[ha-connections:1 no-autoupdate:true p:http2 protocol:http2 url:http://127.0.0.1:8787]
2026-10-03T09:40:52Z INF Generated Connector ID: c7448524-9f9c-4ae5-a810-dd8e5981d2d4
2026-10-03T09:40:52Z INF Initial protocol http2
2026-10-03T09:40:52Z INF ICMP proxy will use 172.18.199.162 as source for IPv4
2026-10-03T09:40:52Z INF ICMP proxy will use fe80::215:5dff:fed2:112 in zone eth0 as source for IPv6
2026-10-03T09:40:52Z INF ICMP proxy will use 172.18.199.162 as source for IPv4
2026-10-03T09:40:52Z INF ICMP proxy will use fe80::215:5dff:fed2:112 in zone eth0 as source for IPv6
2026-10-03T09:40:52Z INF Starting metrics server on 127.0.0.1:20241/metrics
2026-10-03T09:40:52Z INF Tunnel connection curve preferences: [X25519MLKEM768 CurveID(65074) CurveP256] connIndex=0 event=0 ip=198.41.200.233
2026-10-03T09:40:53Z INF Registered tunnel connection connIndex=0 connection=f1baab1f-02df-4b14-acea-b8bd74902b13 event=0 ip=198.41.200.233 location=del03 protocol=http2
2026-10-03T09:40:58Z INF +--------------------------------------------------------------------------------------+
2026-10-03T09:40:58Z INF |                               CONNECTIVITY PRE-CHECKS                                |
2026-10-03T09:40:58Z INF +--------------------------------------------------------------------------------------+
2026-10-03T09:40:58Z INF |  COMPONENT         TARGET                     STATUS  DETAILS                        |
2026-10-03T09:40:58Z INF |  DNS Resolution    region1.v2.argotunnel.com  PASS    DNS Resolved successfully      |
2026-10-03T09:40:58Z INF |  DNS Resolution    region2.v2.argotunnel.com  PASS    DNS Resolved successfully      |
2026-10-03T09:40:58Z INF |  UDP Connectivity  region1.v2.argotunnel.com  PASS    QUIC connection successful     |
2026-10-03T09:40:58Z INF |  UDP Connectivity  region2.v2.argotunnel.com  PASS    QUIC connection successful     |
2026-10-03T09:40:58Z INF |  TCP Connectivity  region1.v2.argotunnel.com  PASS    HTTP/2 connection successful   |
2026-10-03T09:40:58Z INF |  TCP Connectivity  region2.v2.argotunnel.com  PASS    HTTP/2 connection successful   |
2026-10-03T09:40:58Z INF |  Cloudflare API    api.cloudflare.com:443     PASS    API is reachable               |
2026-10-03T09:40:58Z INF |                                                                                      |
2026-10-03T09:40:58Z INF |  SUMMARY: Environment is healthy. cloudflared will use 'http2' as primary protocol.  |
2026-10-03T09:40:58Z INF +--------------------------------------------------------------------------------------+
2026-10-03T09:40:58Z INF precheck component="DNS Resolution" details="DNS Resolved successfully" run_id=bd3479db-36d8-45ee-bd1f-339bd6269a1a status=pass target=region1.v2.argotunnel.com
2026-10-03T09:40:58Z INF precheck component="DNS Resolution" details="DNS Resolved successfully" run_id=bd3479db-36d8-45ee-bd1f-339bd6269a1a status=pass target=region2.v2.argotunnel.com
2026-10-03T09:40:58Z INF precheck component="UDP Connectivity" details="QUIC connection successful" run_id=bd3479db-36d8-45ee-bd1f-339bd6269a1a status=pass target=region1.v2.argotunnel.com
2026-10-03T09:40:58Z INF precheck component="UDP Connectivity" details="QUIC connection successful" run_id=bd3479db-36d8-45ee-bd1f-339bd6269a1a status=pass target=region2.v2.argotunnel.com
2026-10-03T09:40:58Z INF precheck component="TCP Connectivity" details="HTTP/2 connection successful" run_id=bd3479db-36d8-45ee-bd1f-339bd6269a1a status=pass target=region1.v2.argotunnel.com
2026-10-03T09:40:58Z INF precheck component="TCP Connectivity" details="HTTP/2 connection successful" run_id=bd3479db-36d8-45ee-bd1f-339bd6269a1a status=pass target=region2.v2.argotunnel.com
2026-10-03T09:40:58Z INF precheck component="Cloudflare API" details="API is reachable" run_id=bd3479db-36d8-45ee-bd1f-339bd6269a1a status=pass target=api.cloudflare.com:443
2026-10-03T09:40:58Z INF precheck complete hard_fail=false run_id=bd3479db-36d8-45ee-bd1f-339bd6269a1a suggested_protocol=http2
